Archive member included to satisfy reference by file (symbol)

./TEST/lib/libtest.a(test.o)  /tmp/ccdLRJnO.o (sum)
/usr/gcc-arm-none-eabi-10.3-2021.10/bin/../lib/gcc/arm-none-eabi/10.3.1/libgcc.a(unwind-arm.o)
                              /tmp/ccdLRJnO.o (__aeabi_unwind_cpp_pr1)
/usr/gcc-arm-none-eabi-10.3-2021.10/bin/../lib/gcc/arm-none-eabi/10.3.1/libgcc.a(libunwind.o)
                              /usr/gcc-arm-none-eabi-10.3-2021.10/bin/../lib/gcc/arm-none-eabi/10.3.1/libgcc.a(unwind-arm.o) (restore_core_regs)
/usr/gcc-arm-none-eabi-10.3-2021.10/bin/../lib/gcc/arm-none-eabi/10.3.1/libgcc.a(pr-support.o)
                              /usr/gcc-arm-none-eabi-10.3-2021.10/bin/../lib/gcc/arm-none-eabi/10.3.1/libgcc.a(unwind-arm.o) (__gnu_unwind_execute)
/usr/gcc-arm-none-eabi-10.3-2021.10/bin/../lib/gcc/arm-none-eabi/10.3.1/../../../../arm-none-eabi/lib/libc.a(lib_a-abort.o)
                              /usr/gcc-arm-none-eabi-10.3-2021.10/bin/../lib/gcc/arm-none-eabi/10.3.1/libgcc.a(unwind-arm.o) (abort)
/usr/gcc-arm-none-eabi-10.3-2021.10/bin/../lib/gcc/arm-none-eabi/10.3.1/../../../../arm-none-eabi/lib/libc.a(lib_a-exit.o)
                              /usr/gcc-arm-none-eabi-10.3-2021.10/bin/../lib/gcc/arm-none-eabi/10.3.1/../../../../arm-none-eabi/lib/crt0.o (exit)
/usr/gcc-arm-none-eabi-10.3-2021.10/bin/../lib/gcc/arm-none-eabi/10.3.1/../../../../arm-none-eabi/lib/libc.a(lib_a-impure.o)
                              /usr/gcc-arm-none-eabi-10.3-2021.10/bin/../lib/gcc/arm-none-eabi/10.3.1/../../../../arm-none-eabi/lib/libc.a(lib_a-exit.o) (_global_impure_ptr)
/usr/gcc-arm-none-eabi-10.3-2021.10/bin/../lib/gcc/arm-none-eabi/10.3.1/../../../../arm-none-eabi/lib/libc.a(lib_a-init.o)
                              /usr/gcc-arm-none-eabi-10.3-2021.10/bin/../lib/gcc/arm-none-eabi/10.3.1/../../../../arm-none-eabi/lib/crt0.o (__libc_init_array)
/usr/gcc-arm-none-eabi-10.3-2021.10/bin/../lib/gcc/arm-none-eabi/10.3.1/../../../../arm-none-eabi/lib/libc.a(lib_a-memcpy-stub.o)
                              /usr/gcc-arm-none-eabi-10.3-2021.10/bin/../lib/gcc/arm-none-eabi/10.3.1/libgcc.a(unwind-arm.o) (memcpy)
/usr/gcc-arm-none-eabi-10.3-2021.10/bin/../lib/gcc/arm-none-eabi/10.3.1/../../../../arm-none-eabi/lib/libc.a(lib_a-memset.o)
                              /usr/gcc-arm-none-eabi-10.3-2021.10/bin/../lib/gcc/arm-none-eabi/10.3.1/../../../../arm-none-eabi/lib/crt0.o (memset)
/usr/gcc-arm-none-eabi-10.3-2021.10/bin/../lib/gcc/arm-none-eabi/10.3.1/../../../../arm-none-eabi/lib/libc.a(lib_a-signal.o)
                              /usr/gcc-arm-none-eabi-10.3-2021.10/bin/../lib/gcc/arm-none-eabi/10.3.1/../../../../arm-none-eabi/lib/libc.a(lib_a-abort.o) (raise)
/usr/gcc-arm-none-eabi-10.3-2021.10/bin/../lib/gcc/arm-none-eabi/10.3.1/../../../../arm-none-eabi/lib/libc.a(lib_a-signalr.o)
                              /usr/gcc-arm-none-eabi-10.3-2021.10/bin/../lib/gcc/arm-none-eabi/10.3.1/../../../../arm-none-eabi/lib/libc.a(lib_a-signal.o) (_kill_r)
/usr/gcc-arm-none-eabi-10.3-2021.10/bin/../lib/gcc/arm-none-eabi/10.3.1/../../../../arm-none-eabi/lib/libc.a(lib_a-__call_atexit.o)
                              /usr/gcc-arm-none-eabi-10.3-2021.10/bin/../lib/gcc/arm-none-eabi/10.3.1/../../../../arm-none-eabi/lib/libc.a(lib_a-exit.o) (__call_exitprocs)
/usr/gcc-arm-none-eabi-10.3-2021.10/bin/../lib/gcc/arm-none-eabi/10.3.1/../../../../arm-none-eabi/lib/libc.a(lib_a-atexit.o)
                              /usr/gcc-arm-none-eabi-10.3-2021.10/bin/../lib/gcc/arm-none-eabi/10.3.1/../../../../arm-none-eabi/lib/libc.a(lib_a-__call_atexit.o) (atexit)
/usr/gcc-arm-none-eabi-10.3-2021.10/bin/../lib/gcc/arm-none-eabi/10.3.1/../../../../arm-none-eabi/lib/libc.a(lib_a-fini.o)
                              /usr/gcc-arm-none-eabi-10.3-2021.10/bin/../lib/gcc/arm-none-eabi/10.3.1/../../../../arm-none-eabi/lib/libc.a(lib_a-__call_atexit.o) (__libc_fini_array)
/usr/gcc-arm-none-eabi-10.3-2021.10/bin/../lib/gcc/arm-none-eabi/10.3.1/../../../../arm-none-eabi/lib/libc.a(lib_a-lock.o)
                              /usr/gcc-arm-none-eabi-10.3-2021.10/bin/../lib/gcc/arm-none-eabi/10.3.1/../../../../arm-none-eabi/lib/libc.a(lib_a-__call_atexit.o) (__retarget_lock_acquire_recursive)
/usr/gcc-arm-none-eabi-10.3-2021.10/bin/../lib/gcc/arm-none-eabi/10.3.1/../../../../arm-none-eabi/lib/libc.a(lib_a-mallocr.o)
                              /usr/gcc-arm-none-eabi-10.3-2021.10/bin/../lib/gcc/arm-none-eabi/10.3.1/../../../../arm-none-eabi/lib/libc.a(lib_a-signal.o) (_malloc_r)
/usr/gcc-arm-none-eabi-10.3-2021.10/bin/../lib/gcc/arm-none-eabi/10.3.1/../../../../arm-none-eabi/lib/libc.a(lib_a-mlock.o)
                              /usr/gcc-arm-none-eabi-10.3-2021.10/bin/../lib/gcc/arm-none-eabi/10.3.1/../../../../arm-none-eabi/lib/libc.a(lib_a-mallocr.o) (__malloc_lock)
/usr/gcc-arm-none-eabi-10.3-2021.10/bin/../lib/gcc/arm-none-eabi/10.3.1/../../../../arm-none-eabi/lib/libc.a(lib_a-reent.o)
                              /usr/gcc-arm-none-eabi-10.3-2021.10/bin/../lib/gcc/arm-none-eabi/10.3.1/../../../../arm-none-eabi/lib/libc.a(lib_a-signalr.o) (errno)
/usr/gcc-arm-none-eabi-10.3-2021.10/bin/../lib/gcc/arm-none-eabi/10.3.1/../../../../arm-none-eabi/lib/libc.a(lib_a-sbrkr.o)
                              /usr/gcc-arm-none-eabi-10.3-2021.10/bin/../lib/gcc/arm-none-eabi/10.3.1/../../../../arm-none-eabi/lib/libc.a(lib_a-mallocr.o) (_sbrk_r)
/usr/gcc-arm-none-eabi-10.3-2021.10/bin/../lib/gcc/arm-none-eabi/10.3.1/../../../../arm-none-eabi/lib/libc.a(lib_a-__atexit.o)
                              /usr/gcc-arm-none-eabi-10.3-2021.10/bin/../lib/gcc/arm-none-eabi/10.3.1/../../../../arm-none-eabi/lib/libc.a(lib_a-atexit.o) (__register_exitproc)
/usr/gcc-arm-none-eabi-10.3-2021.10/bin/../lib/gcc/arm-none-eabi/10.3.1/../../../../arm-none-eabi/lib/libc.a(lib_a-freer.o)
                              /usr/gcc-arm-none-eabi-10.3-2021.10/bin/../lib/gcc/arm-none-eabi/10.3.1/../../../../arm-none-eabi/lib/libc.a(lib_a-mallocr.o) (_free_r)
/usr/gcc-arm-none-eabi-10.3-2021.10/bin/../lib/gcc/arm-none-eabi/10.3.1/../../../../arm-none-eabi/lib/libnosys.a(getpid.o)
                              /usr/gcc-arm-none-eabi-10.3-2021.10/bin/../lib/gcc/arm-none-eabi/10.3.1/../../../../arm-none-eabi/lib/libc.a(lib_a-signalr.o) (_getpid)
/usr/gcc-arm-none-eabi-10.3-2021.10/bin/../lib/gcc/arm-none-eabi/10.3.1/../../../../arm-none-eabi/lib/libnosys.a(kill.o)
                              /usr/gcc-arm-none-eabi-10.3-2021.10/bin/../lib/gcc/arm-none-eabi/10.3.1/../../../../arm-none-eabi/lib/libc.a(lib_a-signalr.o) (_kill)
/usr/gcc-arm-none-eabi-10.3-2021.10/bin/../lib/gcc/arm-none-eabi/10.3.1/../../../../arm-none-eabi/lib/libnosys.a(sbrk.o)
                              /usr/gcc-arm-none-eabi-10.3-2021.10/bin/../lib/gcc/arm-none-eabi/10.3.1/../../../../arm-none-eabi/lib/libc.a(lib_a-sbrkr.o) (_sbrk)
/usr/gcc-arm-none-eabi-10.3-2021.10/bin/../lib/gcc/arm-none-eabi/10.3.1/../../../../arm-none-eabi/lib/libnosys.a(_exit.o)
                              /usr/gcc-arm-none-eabi-10.3-2021.10/bin/../lib/gcc/arm-none-eabi/10.3.1/../../../../arm-none-eabi/lib/libc.a(lib_a-abort.o) (_exit)

Memory Configuration

Name             Origin             Length             Attributes
*default*        0x0000000000000000 0xffffffffffffffff

Linker script and memory map

LOAD /usr/gcc-arm-none-eabi-10.3-2021.10/bin/../lib/gcc/arm-none-eabi/10.3.1/crti.o
LOAD /usr/gcc-arm-none-eabi-10.3-2021.10/bin/../lib/gcc/arm-none-eabi/10.3.1/crtbegin.o
LOAD /usr/gcc-arm-none-eabi-10.3-2021.10/bin/../lib/gcc/arm-none-eabi/10.3.1/../../../../arm-none-eabi/lib/crt0.o
LOAD /tmp/ccdLRJnO.o
LOAD ./TEST/lib/libtest.a
LOAD /usr/gcc-arm-none-eabi-10.3-2021.10/bin/../lib/gcc/arm-none-eabi/10.3.1/../../../../arm-none-eabi/lib/libstdc++.a
LOAD /usr/gcc-arm-none-eabi-10.3-2021.10/bin/../lib/gcc/arm-none-eabi/10.3.1/../../../../arm-none-eabi/lib/libm.a
START GROUP
LOAD /usr/gcc-arm-none-eabi-10.3-2021.10/bin/../lib/gcc/arm-none-eabi/10.3.1/libgcc.a
LOAD /usr/gcc-arm-none-eabi-10.3-2021.10/bin/../lib/gcc/arm-none-eabi/10.3.1/../../../../arm-none-eabi/lib/libc.a
END GROUP
START GROUP
LOAD /usr/gcc-arm-none-eabi-10.3-2021.10/bin/../lib/gcc/arm-none-eabi/10.3.1/libgcc.a
LOAD /usr/gcc-arm-none-eabi-10.3-2021.10/bin/../lib/gcc/arm-none-eabi/10.3.1/../../../../arm-none-eabi/lib/libc.a
LOAD /usr/gcc-arm-none-eabi-10.3-2021.10/bin/../lib/gcc/arm-none-eabi/10.3.1/../../../../arm-none-eabi/lib/libnosys.a
END GROUP
LOAD /usr/gcc-arm-none-eabi-10.3-2021.10/bin/../lib/gcc/arm-none-eabi/10.3.1/crtend.o
LOAD /usr/gcc-arm-none-eabi-10.3-2021.10/bin/../lib/gcc/arm-none-eabi/10.3.1/crtn.o
                [!provide]                        PROVIDE (__executable_start = SEGMENT_START ("text-segment", 0x8000))
                0x0000000000008000                . = SEGMENT_START ("text-segment", 0x8000)

.interp
 *(.interp)

.note.gnu.build-id
 *(.note.gnu.build-id)

.hash
 *(.hash)

.gnu.hash
 *(.gnu.hash)

.dynsym
 *(.dynsym)

.dynstr
 *(.dynstr)

.gnu.version
 *(.gnu.version)

.gnu.version_d
 *(.gnu.version_d)

.gnu.version_r
 *(.gnu.version_r)

.rel.dyn        0x0000000000008000        0x0
 *(.rel.init)
 *(.rel.text .rel.text.* .rel.gnu.linkonce.t.*)
 *(.rel.fini)
 *(.rel.rodata .rel.rodata.* .rel.gnu.linkonce.r.*)
 *(.rel.data.rel.ro .rel.data.rel.ro.* .rel.gnu.linkonce.d.rel.ro.*)
 *(.rel.data .rel.data.* .rel.gnu.linkonce.d.*)
 *(.rel.tdata .rel.tdata.* .rel.gnu.linkonce.td.*)
 *(.rel.tbss .rel.tbss.* .rel.gnu.linkonce.tb.*)
 *(.rel.ctors)
 *(.rel.dtors)
 *(.rel.got)
 *(.rel.bss .rel.bss.* .rel.gnu.linkonce.b.*)
                [!provide]                        PROVIDE (__rel_iplt_start = .)
 *(.rel.iplt)
 .rel.iplt      0x0000000000008000        0x0 /usr/gcc-arm-none-eabi-10.3-2021.10/bin/../lib/gcc/arm-none-eabi/10.3.1/crtbegin.o
                [!provide]                        PROVIDE (__rel_iplt_end = .)

.rela.dyn       0x0000000000008000        0x0
 *(.rela.init)
 *(.rela.text .rela.text.* .rela.gnu.linkonce.t.*)
 *(.rela.fini)
 *(.rela.rodata .rela.rodata.* .rela.gnu.linkonce.r.*)
 *(.rela.data .rela.data.* .rela.gnu.linkonce.d.*)
 *(.rela.tdata .rela.tdata.* .rela.gnu.linkonce.td.*)
 *(.rela.tbss .rela.tbss.* .rela.gnu.linkonce.tb.*)
 *(.rela.ctors)
 *(.rela.dtors)
 *(.rela.got)
 *(.rela.bss .rela.bss.* .rela.gnu.linkonce.b.*)
                [!provide]                        PROVIDE (__rela_iplt_start = .)
 *(.rela.iplt)
                [!provide]                        PROVIDE (__rela_iplt_end = .)

.rel.plt
 *(.rel.plt)

.rela.plt
 *(.rela.plt)

.init           0x0000000000008000       0x18
 *(SORT_NONE(.init))
 .init          0x0000000000008000        0xc /usr/gcc-arm-none-eabi-10.3-2021.10/bin/../lib/gcc/arm-none-eabi/10.3.1/crti.o
                0x0000000000008000                _init
 .init          0x000000000000800c        0xc /usr/gcc-arm-none-eabi-10.3-2021.10/bin/../lib/gcc/arm-none-eabi/10.3.1/crtn.o

.plt
 *(.plt)

.iplt           0x0000000000008018        0x0
 *(.iplt)
 .iplt          0x0000000000008018        0x0 /usr/gcc-arm-none-eabi-10.3-2021.10/bin/../lib/gcc/arm-none-eabi/10.3.1/crtbegin.o

.text           0x0000000000008018     0x31f8
 *(.text.unlikely .text.*_unlikely .text.unlikely.*)
 .text.unlikely
                0x0000000000008018       0x10 /usr/gcc-arm-none-eabi-10.3-2021.10/bin/../lib/gcc/arm-none-eabi/10.3.1/libgcc.a(pr-support.o)
                0x0000000000008018                _Unwind_GetDataRelBase
                0x0000000000008020                _Unwind_GetTextRelBase
 *(.text.exit .text.exit.*)
 .text.exit     0x0000000000008028       0x34 /usr/gcc-arm-none-eabi-10.3-2021.10/bin/../lib/gcc/arm-none-eabi/10.3.1/../../../../arm-none-eabi/lib/libc.a(lib_a-exit.o)
                0x0000000000008028                exit
 *(.text.startup .text.startup.*)
 .text.startup.register_fini
                0x000000000000805c       0x28 /usr/gcc-arm-none-eabi-10.3-2021.10/bin/../lib/gcc/arm-none-eabi/10.3.1/../../../../arm-none-eabi/lib/libc.a(lib_a-__call_atexit.o)
 *(.text.hot .text.hot.*)
 *(SORT_BY_NAME(.text.sorted.*))
 *(.text .stub .text.* .gnu.linkonce.t.*)
 .text          0x0000000000008084        0x0 /usr/gcc-arm-none-eabi-10.3-2021.10/bin/../lib/gcc/arm-none-eabi/10.3.1/crti.o
 .text          0x0000000000008084       0x70 /usr/gcc-arm-none-eabi-10.3-2021.10/bin/../lib/gcc/arm-none-eabi/10.3.1/crtbegin.o
 .text          0x00000000000080f4      0x138 /usr/gcc-arm-none-eabi-10.3-2021.10/bin/../lib/gcc/arm-none-eabi/10.3.1/../../../../arm-none-eabi/lib/crt0.o
                0x00000000000080f4                _stack_init
                0x000000000000817c                _mainCRTStartup
                0x000000000000817c                _start
 .text          0x000000000000822c       0x58 /tmp/ccdLRJnO.o
                0x000000000000822c                main
 .text          0x0000000000008284       0x30 ./TEST/lib/libtest.a(test.o)
                0x0000000000008284                sum
 .text          0x00000000000082b4     0x102c /usr/gcc-arm-none-eabi-10.3-2021.10/bin/../lib/gcc/arm-none-eabi/10.3.1/libgcc.a(unwind-arm.o)
                0x0000000000008728                _Unwind_GetCFA
                0x0000000000008730                __gnu_Unwind_RaiseException
                0x00000000000087dc                __gnu_Unwind_ForcedUnwind
                0x0000000000008804                __gnu_Unwind_Resume
                0x000000000000887c                __gnu_Unwind_Resume_or_Rethrow
                0x0000000000008898                _Unwind_Complete
                0x000000000000889c                _Unwind_DeleteException
                0x00000000000088b4                _Unwind_VRS_Get
                0x0000000000008940                _Unwind_VRS_Set
                0x00000000000089cc                __gnu_Unwind_Backtrace
                0x0000000000008ed4                __aeabi_unwind_cpp_pr0
                0x0000000000008edc                __aeabi_unwind_cpp_pr1
                0x0000000000008ee4                __aeabi_unwind_cpp_pr2
                0x0000000000008eec                _Unwind_VRS_Pop
 .text          0x00000000000092e0      0x1b0 /usr/gcc-arm-none-eabi-10.3-2021.10/bin/../lib/gcc/arm-none-eabi/10.3.1/libgcc.a(libunwind.o)
                0x00000000000092e0                __restore_core_regs
                0x00000000000092e0                restore_core_regs
                0x00000000000092fc                __gnu_Unwind_Restore_VFP
                0x0000000000009304                __gnu_Unwind_Save_VFP
                0x000000000000930c                __gnu_Unwind_Restore_VFP_D
                0x0000000000009314                __gnu_Unwind_Save_VFP_D
                0x000000000000931c                __gnu_Unwind_Restore_VFP_D_16_to_31
                0x0000000000009324                __gnu_Unwind_Save_VFP_D_16_to_31
                0x000000000000932c                __gnu_Unwind_Restore_WMMXD
                0x0000000000009370                __gnu_Unwind_Save_WMMXD
                0x00000000000093b4                __gnu_Unwind_Restore_WMMXC
                0x00000000000093c8                __gnu_Unwind_Save_WMMXC
                0x00000000000093dc                ___Unwind_RaiseException
                0x00000000000093dc                _Unwind_RaiseException
                0x0000000000009400                ___Unwind_Resume
                0x0000000000009400                _Unwind_Resume
                0x0000000000009424                _Unwind_Resume_or_Rethrow
                0x0000000000009424                ___Unwind_Resume_or_Rethrow
                0x0000000000009448                ___Unwind_ForcedUnwind
                0x0000000000009448                _Unwind_ForcedUnwind
                0x000000000000946c                _Unwind_Backtrace
                0x000000000000946c                ___Unwind_Backtrace
 .text          0x0000000000009490      0x530 /usr/gcc-arm-none-eabi-10.3-2021.10/bin/../lib/gcc/arm-none-eabi/10.3.1/libgcc.a(pr-support.o)
                0x0000000000009524                __gnu_unwind_execute
                0x0000000000009940                __gnu_unwind_frame
                0x000000000000998c                _Unwind_GetRegionStart
                0x00000000000099a0                _Unwind_GetLanguageSpecificData
 .text          0x00000000000099c0        0x0 /usr/gcc-arm-none-eabi-10.3-2021.10/bin/../lib/gcc/arm-none-eabi/10.3.1/../../../../arm-none-eabi/lib/libc.a(lib_a-abort.o)
 .text.abort    0x00000000000099c0       0x14 /usr/gcc-arm-none-eabi-10.3-2021.10/bin/../lib/gcc/arm-none-eabi/10.3.1/../../../../arm-none-eabi/lib/libc.a(lib_a-abort.o)
                0x00000000000099c0                abort
 .text          0x00000000000099d4        0x0 /usr/gcc-arm-none-eabi-10.3-2021.10/bin/../lib/gcc/arm-none-eabi/10.3.1/../../../../arm-none-eabi/lib/libc.a(lib_a-exit.o)
 .text          0x00000000000099d4        0x0 /usr/gcc-arm-none-eabi-10.3-2021.10/bin/../lib/gcc/arm-none-eabi/10.3.1/../../../../arm-none-eabi/lib/libc.a(lib_a-impure.o)
 .text          0x00000000000099d4        0x0 /usr/gcc-arm-none-eabi-10.3-2021.10/bin/../lib/gcc/arm-none-eabi/10.3.1/../../../../arm-none-eabi/lib/libc.a(lib_a-init.o)
 .text.__libc_init_array
                0x00000000000099d4       0x88 /usr/gcc-arm-none-eabi-10.3-2021.10/bin/../lib/gcc/arm-none-eabi/10.3.1/../../../../arm-none-eabi/lib/libc.a(lib_a-init.o)
                0x00000000000099d4                __libc_init_array
 .text          0x0000000000009a5c        0x0 /usr/gcc-arm-none-eabi-10.3-2021.10/bin/../lib/gcc/arm-none-eabi/10.3.1/../../../../arm-none-eabi/lib/libc.a(lib_a-memcpy-stub.o)
 .text.memcpy   0x0000000000009a5c      0x120 /usr/gcc-arm-none-eabi-10.3-2021.10/bin/../lib/gcc/arm-none-eabi/10.3.1/../../../../arm-none-eabi/lib/libc.a(lib_a-memcpy-stub.o)
                0x0000000000009a5c                memcpy
 .text          0x0000000000009b7c        0x0 /usr/gcc-arm-none-eabi-10.3-2021.10/bin/../lib/gcc/arm-none-eabi/10.3.1/../../../../arm-none-eabi/lib/libc.a(lib_a-memset.o)
 .text.memset   0x0000000000009b7c      0x11c /usr/gcc-arm-none-eabi-10.3-2021.10/bin/../lib/gcc/arm-none-eabi/10.3.1/../../../../arm-none-eabi/lib/libc.a(lib_a-memset.o)
                0x0000000000009b7c                memset
 .text          0x0000000000009c98        0x0 /usr/gcc-arm-none-eabi-10.3-2021.10/bin/../lib/gcc/arm-none-eabi/10.3.1/../../../../arm-none-eabi/lib/libc.a(lib_a-signal.o)
 .text._init_signal_r
                0x0000000000009c98       0x54 /usr/gcc-arm-none-eabi-10.3-2021.10/bin/../lib/gcc/arm-none-eabi/10.3.1/../../../../arm-none-eabi/lib/libc.a(lib_a-signal.o)
                0x0000000000009c98                _init_signal_r
 .text._signal_r
                0x0000000000009cec       0x7c /usr/gcc-arm-none-eabi-10.3-2021.10/bin/../lib/gcc/arm-none-eabi/10.3.1/../../../../arm-none-eabi/lib/libc.a(lib_a-signal.o)
                0x0000000000009cec                _signal_r
 .text._raise_r
                0x0000000000009d68       0x98 /usr/gcc-arm-none-eabi-10.3-2021.10/bin/../lib/gcc/arm-none-eabi/10.3.1/../../../../arm-none-eabi/lib/libc.a(lib_a-signal.o)
                0x0000000000009d68                _raise_r
 .text.__sigtramp_r
                0x0000000000009e00       0xb4 /usr/gcc-arm-none-eabi-10.3-2021.10/bin/../lib/gcc/arm-none-eabi/10.3.1/../../../../arm-none-eabi/lib/libc.a(lib_a-signal.o)
                0x0000000000009e00                __sigtramp_r
 .text.raise    0x0000000000009eb4       0x9c /usr/gcc-arm-none-eabi-10.3-2021.10/bin/../lib/gcc/arm-none-eabi/10.3.1/../../../../arm-none-eabi/lib/libc.a(lib_a-signal.o)
                0x0000000000009eb4                raise
 .text.signal   0x0000000000009f50       0x88 /usr/gcc-arm-none-eabi-10.3-2021.10/bin/../lib/gcc/arm-none-eabi/10.3.1/../../../../arm-none-eabi/lib/libc.a(lib_a-signal.o)
                0x0000000000009f50                signal
 .text._init_signal
                0x0000000000009fd8       0x60 /usr/gcc-arm-none-eabi-10.3-2021.10/bin/../lib/gcc/arm-none-eabi/10.3.1/../../../../arm-none-eabi/lib/libc.a(lib_a-signal.o)
                0x0000000000009fd8                _init_signal
 .text.__sigtramp
                0x000000000000a038       0xb8 /usr/gcc-arm-none-eabi-10.3-2021.10/bin/../lib/gcc/arm-none-eabi/10.3.1/../../../../arm-none-eabi/lib/libc.a(lib_a-signal.o)
                0x000000000000a038                __sigtramp
 .text          0x000000000000a0f0        0x0 /usr/gcc-arm-none-eabi-10.3-2021.10/bin/../lib/gcc/arm-none-eabi/10.3.1/../../../../arm-none-eabi/lib/libc.a(lib_a-signalr.o)
 .text._kill_r  0x000000000000a0f0       0x40 /usr/gcc-arm-none-eabi-10.3-2021.10/bin/../lib/gcc/arm-none-eabi/10.3.1/../../../../arm-none-eabi/lib/libc.a(lib_a-signalr.o)
                0x000000000000a0f0                _kill_r
 .text._getpid_r
                0x000000000000a130       0x10 /usr/gcc-arm-none-eabi-10.3-2021.10/bin/../lib/gcc/arm-none-eabi/10.3.1/../../../../arm-none-eabi/lib/libc.a(lib_a-signalr.o)
                0x000000000000a130                _getpid_r
 .text          0x000000000000a140        0x0 /usr/gcc-arm-none-eabi-10.3-2021.10/bin/../lib/gcc/arm-none-eabi/10.3.1/../../../../arm-none-eabi/lib/libc.a(lib_a-__call_atexit.o)
 .text.__call_exitprocs
                0x000000000000a140      0x138 /usr/gcc-arm-none-eabi-10.3-2021.10/bin/../lib/gcc/arm-none-eabi/10.3.1/../../../../arm-none-eabi/lib/libc.a(lib_a-__call_atexit.o)
                0x000000000000a140                __call_exitprocs
 .text          0x000000000000a278        0x0 /usr/gcc-arm-none-eabi-10.3-2021.10/bin/../lib/gcc/arm-none-eabi/10.3.1/../../../../arm-none-eabi/lib/libc.a(lib_a-atexit.o)
 .text.atexit   0x000000000000a278       0x20 /usr/gcc-arm-none-eabi-10.3-2021.10/bin/../lib/gcc/arm-none-eabi/10.3.1/../../../../arm-none-eabi/lib/libc.a(lib_a-atexit.o)
                0x000000000000a278                atexit
 .text          0x000000000000a298        0x0 /usr/gcc-arm-none-eabi-10.3-2021.10/bin/../lib/gcc/arm-none-eabi/10.3.1/../../../../arm-none-eabi/lib/libc.a(lib_a-fini.o)
 .text.__libc_fini_array
                0x000000000000a298       0x44 /usr/gcc-arm-none-eabi-10.3-2021.10/bin/../lib/gcc/arm-none-eabi/10.3.1/../../../../arm-none-eabi/lib/libc.a(lib_a-fini.o)
                0x000000000000a298                __libc_fini_array
 .text          0x000000000000a2dc        0x0 /usr/gcc-arm-none-eabi-10.3-2021.10/bin/../lib/gcc/arm-none-eabi/10.3.1/../../../../arm-none-eabi/lib/libc.a(lib_a-lock.o)
 .text.__retarget_lock_init
                0x000000000000a2dc        0x4 /usr/gcc-arm-none-eabi-10.3-2021.10/bin/../lib/gcc/arm-none-eabi/10.3.1/../../../../arm-none-eabi/lib/libc.a(lib_a-lock.o)
                0x000000000000a2dc                __retarget_lock_init
 .text.__retarget_lock_init_recursive
                0x000000000000a2e0        0x4 /usr/gcc-arm-none-eabi-10.3-2021.10/bin/../lib/gcc/arm-none-eabi/10.3.1/../../../../arm-none-eabi/lib/libc.a(lib_a-lock.o)
                0x000000000000a2e0                __retarget_lock_init_recursive
 .text.__retarget_lock_close
                0x000000000000a2e4        0x4 /usr/gcc-arm-none-eabi-10.3-2021.10/bin/../lib/gcc/arm-none-eabi/10.3.1/../../../../arm-none-eabi/lib/libc.a(lib_a-lock.o)
                0x000000000000a2e4                __retarget_lock_close
 .text.__retarget_lock_close_recursive
                0x000000000000a2e8        0x4 /usr/gcc-arm-none-eabi-10.3-2021.10/bin/../lib/gcc/arm-none-eabi/10.3.1/../../../../arm-none-eabi/lib/libc.a(lib_a-lock.o)
                0x000000000000a2e8                __retarget_lock_close_recursive
 .text.__retarget_lock_acquire
                0x000000000000a2ec        0x4 /usr/gcc-arm-none-eabi-10.3-2021.10/bin/../lib/gcc/arm-none-eabi/10.3.1/../../../../arm-none-eabi/lib/libc.a(lib_a-lock.o)
                0x000000000000a2ec                __retarget_lock_acquire
 .text.__retarget_lock_acquire_recursive
                0x000000000000a2f0        0x4 /usr/gcc-arm-none-eabi-10.3-2021.10/bin/../lib/gcc/arm-none-eabi/10.3.1/../../../../arm-none-eabi/lib/libc.a(lib_a-lock.o)
                0x000000000000a2f0                __retarget_lock_acquire_recursive
 .text.__retarget_lock_try_acquire
                0x000000000000a2f4        0x8 /usr/gcc-arm-none-eabi-10.3-2021.10/bin/../lib/gcc/arm-none-eabi/10.3.1/../../../../arm-none-eabi/lib/libc.a(lib_a-lock.o)
                0x000000000000a2f4                __retarget_lock_try_acquire
 .text.__retarget_lock_try_acquire_recursive
                0x000000000000a2fc        0x8 /usr/gcc-arm-none-eabi-10.3-2021.10/bin/../lib/gcc/arm-none-eabi/10.3.1/../../../../arm-none-eabi/lib/libc.a(lib_a-lock.o)
                0x000000000000a2fc                __retarget_lock_try_acquire_recursive
 .text.__retarget_lock_release
                0x000000000000a304        0x4 /usr/gcc-arm-none-eabi-10.3-2021.10/bin/../lib/gcc/arm-none-eabi/10.3.1/../../../../arm-none-eabi/lib/libc.a(lib_a-lock.o)
                0x000000000000a304                __retarget_lock_release
 .text.__retarget_lock_release_recursive
                0x000000000000a308        0x4 /usr/gcc-arm-none-eabi-10.3-2021.10/bin/../lib/gcc/arm-none-eabi/10.3.1/../../../../arm-none-eabi/lib/libc.a(lib_a-lock.o)
                0x000000000000a308                __retarget_lock_release_recursive
 .text          0x000000000000a30c        0x0 /usr/gcc-arm-none-eabi-10.3-2021.10/bin/../lib/gcc/arm-none-eabi/10.3.1/../../../../arm-none-eabi/lib/libc.a(lib_a-mallocr.o)
 .text._malloc_r
                0x000000000000a30c      0x810 /usr/gcc-arm-none-eabi-10.3-2021.10/bin/../lib/gcc/arm-none-eabi/10.3.1/../../../../arm-none-eabi/lib/libc.a(lib_a-mallocr.o)
                0x000000000000a30c                _malloc_r
 .text          0x000000000000ab1c        0x0 /usr/gcc-arm-none-eabi-10.3-2021.10/bin/../lib/gcc/arm-none-eabi/10.3.1/../../../../arm-none-eabi/lib/libc.a(lib_a-mlock.o)
 .text.__malloc_lock
                0x000000000000ab1c       0x18 /usr/gcc-arm-none-eabi-10.3-2021.10/bin/../lib/gcc/arm-none-eabi/10.3.1/../../../../arm-none-eabi/lib/libc.a(lib_a-mlock.o)
                0x000000000000ab1c                __malloc_lock
 .text.__malloc_unlock
                0x000000000000ab34       0x18 /usr/gcc-arm-none-eabi-10.3-2021.10/bin/../lib/gcc/arm-none-eabi/10.3.1/../../../../arm-none-eabi/lib/libc.a(lib_a-mlock.o)
                0x000000000000ab34                __malloc_unlock
 .text          0x000000000000ab4c        0x0 /usr/gcc-arm-none-eabi-10.3-2021.10/bin/../lib/gcc/arm-none-eabi/10.3.1/../../../../arm-none-eabi/lib/libc.a(lib_a-reent.o)
 .text.cleanup_glue
                0x000000000000ab4c       0x74 /usr/gcc-arm-none-eabi-10.3-2021.10/bin/../lib/gcc/arm-none-eabi/10.3.1/../../../../arm-none-eabi/lib/libc.a(lib_a-reent.o)
                0x000000000000ab4c                cleanup_glue
 .text._reclaim_reent
                0x000000000000abc0      0x104 /usr/gcc-arm-none-eabi-10.3-2021.10/bin/../lib/gcc/arm-none-eabi/10.3.1/../../../../arm-none-eabi/lib/libc.a(lib_a-reent.o)
                0x000000000000abc0                _reclaim_reent
 .text          0x000000000000acc4        0x0 /usr/gcc-arm-none-eabi-10.3-2021.10/bin/../lib/gcc/arm-none-eabi/10.3.1/../../../../arm-none-eabi/lib/libc.a(lib_a-sbrkr.o)
 .text._sbrk_r  0x000000000000acc4       0x44 /usr/gcc-arm-none-eabi-10.3-2021.10/bin/../lib/gcc/arm-none-eabi/10.3.1/../../../../arm-none-eabi/lib/libc.a(lib_a-sbrkr.o)
                0x000000000000acc4                _sbrk_r
 .text          0x000000000000ad08        0x0 /usr/gcc-arm-none-eabi-10.3-2021.10/bin/../lib/gcc/arm-none-eabi/10.3.1/../../../../arm-none-eabi/lib/libc.a(lib_a-__atexit.o)
 .text.__register_exitproc
                0x000000000000ad08       0xbc /usr/gcc-arm-none-eabi-10.3-2021.10/bin/../lib/gcc/arm-none-eabi/10.3.1/../../../../arm-none-eabi/lib/libc.a(lib_a-__atexit.o)
                0x000000000000ad08                __register_exitproc
 .text          0x000000000000adc4        0x0 /usr/gcc-arm-none-eabi-10.3-2021.10/bin/../lib/gcc/arm-none-eabi/10.3.1/../../../../arm-none-eabi/lib/libc.a(lib_a-freer.o)
 .text._malloc_trim_r
                0x000000000000adc4      0x100 /usr/gcc-arm-none-eabi-10.3-2021.10/bin/../lib/gcc/arm-none-eabi/10.3.1/../../../../arm-none-eabi/lib/libc.a(lib_a-freer.o)
                0x000000000000adc4                _malloc_trim_r
 .text._free_r  0x000000000000aec4      0x2ec /usr/gcc-arm-none-eabi-10.3-2021.10/bin/../lib/gcc/arm-none-eabi/10.3.1/../../../../arm-none-eabi/lib/libc.a(lib_a-freer.o)
                0x000000000000aec4                _free_r
 .text          0x000000000000b1b0        0x0 /usr/gcc-arm-none-eabi-10.3-2021.10/bin/../lib/gcc/arm-none-eabi/10.3.1/../../../../arm-none-eabi/lib/libnosys.a(getpid.o)
 .text._getpid  0x000000000000b1b0       0x18 /usr/gcc-arm-none-eabi-10.3-2021.10/bin/../lib/gcc/arm-none-eabi/10.3.1/../../../../arm-none-eabi/lib/libnosys.a(getpid.o)
                0x000000000000b1b0                _getpid
 .text          0x000000000000b1c8        0x0 /usr/gcc-arm-none-eabi-10.3-2021.10/bin/../lib/gcc/arm-none-eabi/10.3.1/../../../../arm-none-eabi/lib/libnosys.a(kill.o)
 .text._kill    0x000000000000b1c8       0x18 /usr/gcc-arm-none-eabi-10.3-2021.10/bin/../lib/gcc/arm-none-eabi/10.3.1/../../../../arm-none-eabi/lib/libnosys.a(kill.o)
                0x000000000000b1c8                _kill
 .text          0x000000000000b1e0        0x0 /usr/gcc-arm-none-eabi-10.3-2021.10/bin/../lib/gcc/arm-none-eabi/10.3.1/../../../../arm-none-eabi/lib/libnosys.a(sbrk.o)
 .text._sbrk    0x000000000000b1e0       0x2c /usr/gcc-arm-none-eabi-10.3-2021.10/bin/../lib/gcc/arm-none-eabi/10.3.1/../../../../arm-none-eabi/lib/libnosys.a(sbrk.o)
                0x000000000000b1e0                _sbrk
 .text          0x000000000000b20c        0x0 /usr/gcc-arm-none-eabi-10.3-2021.10/bin/../lib/gcc/arm-none-eabi/10.3.1/../../../../arm-none-eabi/lib/libnosys.a(_exit.o)
 .text._exit    0x000000000000b20c        0x4 /usr/gcc-arm-none-eabi-10.3-2021.10/bin/../lib/gcc/arm-none-eabi/10.3.1/../../../../arm-none-eabi/lib/libnosys.a(_exit.o)
                0x000000000000b20c                _exit
 .text          0x000000000000b210        0x0 /usr/gcc-arm-none-eabi-10.3-2021.10/bin/../lib/gcc/arm-none-eabi/10.3.1/crtend.o
 .text          0x000000000000b210        0x0 /usr/gcc-arm-none-eabi-10.3-2021.10/bin/../lib/gcc/arm-none-eabi/10.3.1/crtn.o
 *(.gnu.warning)
 *(.glue_7t)
 .glue_7t       0x000000000000b210        0x0 linker stubs
 *(.glue_7)
 .glue_7        0x000000000000b210        0x0 linker stubs
 *(.vfp11_veneer)
 .vfp11_veneer  0x000000000000b210        0x0 linker stubs
 *(.v4_bx)
 .v4_bx         0x000000000000b210        0x0 linker stubs

.fini           0x000000000000b210       0x18
 *(SORT_NONE(.fini))
 .fini          0x000000000000b210        0xc /usr/gcc-arm-none-eabi-10.3-2021.10/bin/../lib/gcc/arm-none-eabi/10.3.1/crti.o
                0x000000000000b210                _fini
 .fini          0x000000000000b21c        0xc /usr/gcc-arm-none-eabi-10.3-2021.10/bin/../lib/gcc/arm-none-eabi/10.3.1/crtn.o
                [!provide]                        PROVIDE (__etext = .)
                [!provide]                        PROVIDE (_etext = .)
                [!provide]                        PROVIDE (etext = .)

.rodata         0x000000000000b228       0x4c
 *(.rodata .rodata.* .gnu.linkonce.r.*)
 .rodata        0x000000000000b228       0x24 /usr/gcc-arm-none-eabi-10.3-2021.10/bin/../lib/gcc/arm-none-eabi/10.3.1/crtbegin.o
 .rodata._global_impure_ptr
                0x000000000000b24c        0x4 /usr/gcc-arm-none-eabi-10.3-2021.10/bin/../lib/gcc/arm-none-eabi/10.3.1/../../../../arm-none-eabi/lib/libc.a(lib_a-impure.o)
                0x000000000000b24c                _global_impure_ptr
 .rodata        0x000000000000b250       0x24 /usr/gcc-arm-none-eabi-10.3-2021.10/bin/../lib/gcc/arm-none-eabi/10.3.1/crtend.o

.rodata1
 *(.rodata1)

.ARM.extab      0x000000000000b274        0xc
 *(.ARM.extab* .gnu.linkonce.armextab.*)
 .ARM.extab     0x000000000000b274        0x0 /usr/gcc-arm-none-eabi-10.3-2021.10/bin/../lib/gcc/arm-none-eabi/10.3.1/../../../../arm-none-eabi/lib/crt0.o
 .ARM.extab     0x000000000000b274        0xc /tmp/ccdLRJnO.o
 .ARM.extab     0x000000000000b280        0x0 /usr/gcc-arm-none-eabi-10.3-2021.10/bin/../lib/gcc/arm-none-eabi/10.3.1/libgcc.a(unwind-arm.o)
 .ARM.extab     0x000000000000b280        0x0 /usr/gcc-arm-none-eabi-10.3-2021.10/bin/../lib/gcc/arm-none-eabi/10.3.1/libgcc.a(pr-support.o)
 .ARM.extab.text.unlikely
                0x000000000000b280        0x0 /usr/gcc-arm-none-eabi-10.3-2021.10/bin/../lib/gcc/arm-none-eabi/10.3.1/libgcc.a(pr-support.o)

.ARM.exidx      0x000000000000b280       0xc0
                0x000000000000b280                PROVIDE (__exidx_start = .)
 *(.ARM.exidx* .gnu.linkonce.armexidx.*)
 .ARM.exidx     0x000000000000b288        0x0 /usr/gcc-arm-none-eabi-10.3-2021.10/bin/../lib/gcc/arm-none-eabi/10.3.1/../../../../arm-none-eabi/lib/crt0.o
                                         0x10 (size before relaxing)
 .ARM.exidx     0x000000000000b288       0x10 /tmp/ccdLRJnO.o
                                          0x8 (size before relaxing)
 .ARM.exidx     0x000000000000b298       0x78 /usr/gcc-arm-none-eabi-10.3-2021.10/bin/../lib/gcc/arm-none-eabi/10.3.1/libgcc.a(unwind-arm.o)
                                         0xd8 (size before relaxing)
 .ARM.exidx     0x000000000000b310       0x30 /usr/gcc-arm-none-eabi-10.3-2021.10/bin/../lib/gcc/arm-none-eabi/10.3.1/libgcc.a(pr-support.o)
                                         0x38 (size before relaxing)
 .ARM.exidx.text.unlikely
                0x000000000000b280        0x8 /usr/gcc-arm-none-eabi-10.3-2021.10/bin/../lib/gcc/arm-none-eabi/10.3.1/libgcc.a(pr-support.o)
                                         0x10 (size before relaxing)
                0x000000000000b340                PROVIDE (__exidx_end = .)

.eh_frame_hdr
 *(.eh_frame_hdr)
 *(.eh_frame_entry .eh_frame_entry.*)

.eh_frame       0x000000000000b340        0x4
 *(.eh_frame)
 .eh_frame      0x000000000000b340        0x0 /usr/gcc-arm-none-eabi-10.3-2021.10/bin/../lib/gcc/arm-none-eabi/10.3.1/crtbegin.o
 .eh_frame      0x000000000000b340        0x4 /usr/gcc-arm-none-eabi-10.3-2021.10/bin/../lib/gcc/arm-none-eabi/10.3.1/crtend.o
 *(.eh_frame.*)

.gcc_except_table
 *(.gcc_except_table .gcc_except_table.*)

.gnu_extab
 *(.gnu_extab*)

.exception_ranges
 *(.exception_ranges*)
                0x000000000001b344                . = (ALIGN (CONSTANT (MAXPAGESIZE)) + (. & (CONSTANT (MAXPAGESIZE) - 0x1)))

.eh_frame
 *(.eh_frame)
 *(.eh_frame.*)

.gnu_extab
 *(.gnu_extab)

.gcc_except_table
 *(.gcc_except_table .gcc_except_table.*)

.exception_ranges
 *(.exception_ranges*)

.tdata          0x000000000001b344        0x0
                [!provide]                        PROVIDE (__tdata_start = .)
 *(.tdata .tdata.* .gnu.linkonce.td.*)

.tbss
 *(.tbss .tbss.* .gnu.linkonce.tb.*)
 *(.tcommon)

.preinit_array  0x000000000001b344        0x0
                0x000000000001b344                PROVIDE (__preinit_array_start = .)
 *(.preinit_array)
                0x000000000001b344                PROVIDE (__preinit_array_end = .)

.init_array     0x000000000001b344        0x8
                0x000000000001b344                PROVIDE (__init_array_start = .)
 *(SORT_BY_INIT_PRIORITY(.init_array.*) SORT_BY_INIT_PRIORITY(.ctors.*))
 .init_array.00000
                0x000000000001b344        0x4 /usr/gcc-arm-none-eabi-10.3-2021.10/bin/../lib/gcc/arm-none-eabi/10.3.1/../../../../arm-none-eabi/lib/libc.a(lib_a-__call_atexit.o)
 *(.init_array EXCLUDE_FILE(*crtend?.o *crtend.o *crtbegin?.o *crtbegin.o) .ctors)
 .init_array    0x000000000001b348        0x4 /usr/gcc-arm-none-eabi-10.3-2021.10/bin/../lib/gcc/arm-none-eabi/10.3.1/crtbegin.o
                0x000000000001b34c                PROVIDE (__init_array_end = .)

.fini_array     0x000000000001b34c        0x4
                0x000000000001b34c                PROVIDE (__fini_array_start = .)
 *(SORT_BY_INIT_PRIORITY(.fini_array.*) SORT_BY_INIT_PRIORITY(.dtors.*))
 *(.fini_array EXCLUDE_FILE(*crtend?.o *crtend.o *crtbegin?.o *crtbegin.o) .dtors)
 .fini_array    0x000000000001b34c        0x4 /usr/gcc-arm-none-eabi-10.3-2021.10/bin/../lib/gcc/arm-none-eabi/10.3.1/crtbegin.o
                0x000000000001b350                PROVIDE (__fini_array_end = .)

.ctors
 *crtbegin.o(.ctors)
 *crtbegin?.o(.ctors)
 *(EXCLUDE_FILE(*crtend?.o *crtend.o) .ctors)
 *(SORT_BY_NAME(.ctors.*))
 *(.ctors)

.dtors
 *crtbegin.o(.dtors)
 *crtbegin?.o(.dtors)
 *(EXCLUDE_FILE(*crtend?.o *crtend.o) .dtors)
 *(SORT_BY_NAME(.dtors.*))
 *(.dtors)

.jcr
 *(.jcr)

.data.rel.ro
 *(.data.rel.ro.local* .gnu.linkonce.d.rel.ro.local.*)
 *(.data.rel.ro .data.rel.ro.* .gnu.linkonce.d.rel.ro.*)

.dynamic
 *(.dynamic)

.got            0x000000000001b350        0x0
 *(.got.plt)
 *(.igot.plt)
 .igot.plt      0x000000000001b350        0x0 /usr/gcc-arm-none-eabi-10.3-2021.10/bin/../lib/gcc/arm-none-eabi/10.3.1/crtbegin.o
 *(.got)
 *(.igot)

.data           0x000000000001b350      0x854
                0x000000000001b350                __data_start = .
 *(.data .data.* .gnu.linkonce.d.*)
 .data          0x000000000001b350        0x0 /usr/gcc-arm-none-eabi-10.3-2021.10/bin/../lib/gcc/arm-none-eabi/10.3.1/crti.o
 .data          0x000000000001b350        0x4 /usr/gcc-arm-none-eabi-10.3-2021.10/bin/../lib/gcc/arm-none-eabi/10.3.1/crtbegin.o
                0x000000000001b350                __dso_handle
 .data          0x000000000001b354        0x0 /usr/gcc-arm-none-eabi-10.3-2021.10/bin/../lib/gcc/arm-none-eabi/10.3.1/../../../../arm-none-eabi/lib/crt0.o
 .data          0x000000000001b354        0xc /tmp/ccdLRJnO.o
 .data          0x000000000001b360        0x0 ./TEST/lib/libtest.a(test.o)
 .data          0x000000000001b360        0x0 /usr/gcc-arm-none-eabi-10.3-2021.10/bin/../lib/gcc/arm-none-eabi/10.3.1/libgcc.a(unwind-arm.o)
 .data          0x000000000001b360        0x0 /usr/gcc-arm-none-eabi-10.3-2021.10/bin/../lib/gcc/arm-none-eabi/10.3.1/libgcc.a(libunwind.o)
 .data          0x000000000001b360        0x0 /usr/gcc-arm-none-eabi-10.3-2021.10/bin/../lib/gcc/arm-none-eabi/10.3.1/libgcc.a(pr-support.o)
 .data          0x000000000001b360        0x0 /usr/gcc-arm-none-eabi-10.3-2021.10/bin/../lib/gcc/arm-none-eabi/10.3.1/../../../../arm-none-eabi/lib/libc.a(lib_a-abort.o)
 .data          0x000000000001b360        0x0 /usr/gcc-arm-none-eabi-10.3-2021.10/bin/../lib/gcc/arm-none-eabi/10.3.1/../../../../arm-none-eabi/lib/libc.a(lib_a-exit.o)
 .data          0x000000000001b360        0x0 /usr/gcc-arm-none-eabi-10.3-2021.10/bin/../lib/gcc/arm-none-eabi/10.3.1/../../../../arm-none-eabi/lib/libc.a(lib_a-impure.o)
 .data._impure_ptr
                0x000000000001b360        0x4 /usr/gcc-arm-none-eabi-10.3-2021.10/bin/../lib/gcc/arm-none-eabi/10.3.1/../../../../arm-none-eabi/lib/libc.a(lib_a-impure.o)
                0x000000000001b360                _impure_ptr
 *fill*         0x000000000001b364        0x4 
 .data.impure_data
                0x000000000001b368      0x428 /usr/gcc-arm-none-eabi-10.3-2021.10/bin/../lib/gcc/arm-none-eabi/10.3.1/../../../../arm-none-eabi/lib/libc.a(lib_a-impure.o)
 .data          0x000000000001b790        0x0 /usr/gcc-arm-none-eabi-10.3-2021.10/bin/../lib/gcc/arm-none-eabi/10.3.1/../../../../arm-none-eabi/lib/libc.a(lib_a-init.o)
 .data          0x000000000001b790        0x0 /usr/gcc-arm-none-eabi-10.3-2021.10/bin/../lib/gcc/arm-none-eabi/10.3.1/../../../../arm-none-eabi/lib/libc.a(lib_a-memcpy-stub.o)
 .data          0x000000000001b790        0x0 /usr/gcc-arm-none-eabi-10.3-2021.10/bin/../lib/gcc/arm-none-eabi/10.3.1/../../../../arm-none-eabi/lib/libc.a(lib_a-memset.o)
 .data          0x000000000001b790        0x0 /usr/gcc-arm-none-eabi-10.3-2021.10/bin/../lib/gcc/arm-none-eabi/10.3.1/../../../../arm-none-eabi/lib/libc.a(lib_a-signal.o)
 .data          0x000000000001b790        0x0 /usr/gcc-arm-none-eabi-10.3-2021.10/bin/../lib/gcc/arm-none-eabi/10.3.1/../../../../arm-none-eabi/lib/libc.a(lib_a-signalr.o)
 .data          0x000000000001b790        0x0 /usr/gcc-arm-none-eabi-10.3-2021.10/bin/../lib/gcc/arm-none-eabi/10.3.1/../../../../arm-none-eabi/lib/libc.a(lib_a-__call_atexit.o)
 .data.__atexit_recursive_mutex
                0x000000000001b790        0x4 /usr/gcc-arm-none-eabi-10.3-2021.10/bin/../lib/gcc/arm-none-eabi/10.3.1/../../../../arm-none-eabi/lib/libc.a(lib_a-__call_atexit.o)
                0x000000000001b790                __atexit_recursive_mutex
 .data          0x000000000001b794        0x0 /usr/gcc-arm-none-eabi-10.3-2021.10/bin/../lib/gcc/arm-none-eabi/10.3.1/../../../../arm-none-eabi/lib/libc.a(lib_a-atexit.o)
 .data          0x000000000001b794        0x0 /usr/gcc-arm-none-eabi-10.3-2021.10/bin/../lib/gcc/arm-none-eabi/10.3.1/../../../../arm-none-eabi/lib/libc.a(lib_a-fini.o)
 .data          0x000000000001b794        0x0 /usr/gcc-arm-none-eabi-10.3-2021.10/bin/../lib/gcc/arm-none-eabi/10.3.1/../../../../arm-none-eabi/lib/libc.a(lib_a-lock.o)
 .data          0x000000000001b794        0x0 /usr/gcc-arm-none-eabi-10.3-2021.10/bin/../lib/gcc/arm-none-eabi/10.3.1/../../../../arm-none-eabi/lib/libc.a(lib_a-mallocr.o)
 .data.__malloc_av_
                0x000000000001b794      0x408 /usr/gcc-arm-none-eabi-10.3-2021.10/bin/../lib/gcc/arm-none-eabi/10.3.1/../../../../arm-none-eabi/lib/libc.a(lib_a-mallocr.o)
                0x000000000001b794                __malloc_av_
 .data.__malloc_sbrk_base
                0x000000000001bb9c        0x4 /usr/gcc-arm-none-eabi-10.3-2021.10/bin/../lib/gcc/arm-none-eabi/10.3.1/../../../../arm-none-eabi/lib/libc.a(lib_a-mallocr.o)
                0x000000000001bb9c                __malloc_sbrk_base
 .data.__malloc_trim_threshold
                0x000000000001bba0        0x4 /usr/gcc-arm-none-eabi-10.3-2021.10/bin/../lib/gcc/arm-none-eabi/10.3.1/../../../../arm-none-eabi/lib/libc.a(lib_a-mallocr.o)
                0x000000000001bba0                __malloc_trim_threshold
 .data          0x000000000001bba4        0x0 /usr/gcc-arm-none-eabi-10.3-2021.10/bin/../lib/gcc/arm-none-eabi/10.3.1/../../../../arm-none-eabi/lib/libc.a(lib_a-mlock.o)
 .data          0x000000000001bba4        0x0 /usr/gcc-arm-none-eabi-10.3-2021.10/bin/../lib/gcc/arm-none-eabi/10.3.1/../../../../arm-none-eabi/lib/libc.a(lib_a-reent.o)
 .data          0x000000000001bba4        0x0 /usr/gcc-arm-none-eabi-10.3-2021.10/bin/../lib/gcc/arm-none-eabi/10.3.1/../../../../arm-none-eabi/lib/libc.a(lib_a-sbrkr.o)
 .data          0x000000000001bba4        0x0 /usr/gcc-arm-none-eabi-10.3-2021.10/bin/../lib/gcc/arm-none-eabi/10.3.1/../../../../arm-none-eabi/lib/libc.a(lib_a-__atexit.o)
 .data          0x000000000001bba4        0x0 /usr/gcc-arm-none-eabi-10.3-2021.10/bin/../lib/gcc/arm-none-eabi/10.3.1/../../../../arm-none-eabi/lib/libc.a(lib_a-freer.o)
 .data          0x000000000001bba4        0x0 /usr/gcc-arm-none-eabi-10.3-2021.10/bin/../lib/gcc/arm-none-eabi/10.3.1/../../../../arm-none-eabi/lib/libnosys.a(getpid.o)
 .data          0x000000000001bba4        0x0 /usr/gcc-arm-none-eabi-10.3-2021.10/bin/../lib/gcc/arm-none-eabi/10.3.1/../../../../arm-none-eabi/lib/libnosys.a(kill.o)
 .data          0x000000000001bba4        0x0 /usr/gcc-arm-none-eabi-10.3-2021.10/bin/../lib/gcc/arm-none-eabi/10.3.1/../../../../arm-none-eabi/lib/libnosys.a(sbrk.o)
 .data          0x000000000001bba4        0x0 /usr/gcc-arm-none-eabi-10.3-2021.10/bin/../lib/gcc/arm-none-eabi/10.3.1/../../../../arm-none-eabi/lib/libnosys.a(_exit.o)
 .data          0x000000000001bba4        0x0 /usr/gcc-arm-none-eabi-10.3-2021.10/bin/../lib/gcc/arm-none-eabi/10.3.1/crtend.o
 .data          0x000000000001bba4        0x0 /usr/gcc-arm-none-eabi-10.3-2021.10/bin/../lib/gcc/arm-none-eabi/10.3.1/crtn.o

.data1
 *(.data1)
                0x000000000001bba4                _edata = .
                [!provide]                        PROVIDE (edata = .)

.persistent     0x000000000001bba4        0x0
                0x000000000001bba4                . = ALIGN (0x4)
                [!provide]                        PROVIDE (__persistent_start = .)
 *(.persistent .persistent.* .gnu.linkonce.p.*)
                0x000000000001bba4                . = ALIGN (0x4)
                [!provide]                        PROVIDE (__persistent_end = .)
                0x000000000001bba4                . = .
                0x000000000001bba4                __bss_start = .
                0x000000000001bba4                __bss_start__ = .

.bss            0x000000000001bba4       0x7c
 *(.dynbss)
 *(.bss .bss.* .gnu.linkonce.b.*)
 .bss           0x000000000001bba4        0x0 /usr/gcc-arm-none-eabi-10.3-2021.10/bin/../lib/gcc/arm-none-eabi/10.3.1/crti.o
 .bss           0x000000000001bba4       0x1c /usr/gcc-arm-none-eabi-10.3-2021.10/bin/../lib/gcc/arm-none-eabi/10.3.1/crtbegin.o
 .bss           0x000000000001bbc0        0x0 /usr/gcc-arm-none-eabi-10.3-2021.10/bin/../lib/gcc/arm-none-eabi/10.3.1/../../../../arm-none-eabi/lib/crt0.o
 .bss           0x000000000001bbc0        0x0 /tmp/ccdLRJnO.o
 .bss           0x000000000001bbc0        0x0 ./TEST/lib/libtest.a(test.o)
 .bss           0x000000000001bbc0        0x0 /usr/gcc-arm-none-eabi-10.3-2021.10/bin/../lib/gcc/arm-none-eabi/10.3.1/libgcc.a(unwind-arm.o)
 .bss           0x000000000001bbc0        0x0 /usr/gcc-arm-none-eabi-10.3-2021.10/bin/../lib/gcc/arm-none-eabi/10.3.1/libgcc.a(libunwind.o)
 .bss           0x000000000001bbc0        0x0 /usr/gcc-arm-none-eabi-10.3-2021.10/bin/../lib/gcc/arm-none-eabi/10.3.1/libgcc.a(pr-support.o)
 .bss           0x000000000001bbc0        0x0 /usr/gcc-arm-none-eabi-10.3-2021.10/bin/../lib/gcc/arm-none-eabi/10.3.1/../../../../arm-none-eabi/lib/libc.a(lib_a-abort.o)
 .bss           0x000000000001bbc0        0x0 /usr/gcc-arm-none-eabi-10.3-2021.10/bin/../lib/gcc/arm-none-eabi/10.3.1/../../../../arm-none-eabi/lib/libc.a(lib_a-exit.o)
 .bss           0x000000000001bbc0        0x0 /usr/gcc-arm-none-eabi-10.3-2021.10/bin/../lib/gcc/arm-none-eabi/10.3.1/../../../../arm-none-eabi/lib/libc.a(lib_a-impure.o)
 .bss           0x000000000001bbc0        0x0 /usr/gcc-arm-none-eabi-10.3-2021.10/bin/../lib/gcc/arm-none-eabi/10.3.1/../../../../arm-none-eabi/lib/libc.a(lib_a-init.o)
 .bss           0x000000000001bbc0        0x0 /usr/gcc-arm-none-eabi-10.3-2021.10/bin/../lib/gcc/arm-none-eabi/10.3.1/../../../../arm-none-eabi/lib/libc.a(lib_a-memcpy-stub.o)
 .bss           0x000000000001bbc0        0x0 /usr/gcc-arm-none-eabi-10.3-2021.10/bin/../lib/gcc/arm-none-eabi/10.3.1/../../../../arm-none-eabi/lib/libc.a(lib_a-memset.o)
 .bss           0x000000000001bbc0        0x0 /usr/gcc-arm-none-eabi-10.3-2021.10/bin/../lib/gcc/arm-none-eabi/10.3.1/../../../../arm-none-eabi/lib/libc.a(lib_a-signal.o)
 .bss           0x000000000001bbc0        0x0 /usr/gcc-arm-none-eabi-10.3-2021.10/bin/../lib/gcc/arm-none-eabi/10.3.1/../../../../arm-none-eabi/lib/libc.a(lib_a-signalr.o)
 .bss           0x000000000001bbc0        0x0 /usr/gcc-arm-none-eabi-10.3-2021.10/bin/../lib/gcc/arm-none-eabi/10.3.1/../../../../arm-none-eabi/lib/libc.a(lib_a-__call_atexit.o)
 .bss           0x000000000001bbc0        0x0 /usr/gcc-arm-none-eabi-10.3-2021.10/bin/../lib/gcc/arm-none-eabi/10.3.1/../../../../arm-none-eabi/lib/libc.a(lib_a-atexit.o)
 .bss           0x000000000001bbc0        0x0 /usr/gcc-arm-none-eabi-10.3-2021.10/bin/../lib/gcc/arm-none-eabi/10.3.1/../../../../arm-none-eabi/lib/libc.a(lib_a-fini.o)
 .bss           0x000000000001bbc0        0x0 /usr/gcc-arm-none-eabi-10.3-2021.10/bin/../lib/gcc/arm-none-eabi/10.3.1/../../../../arm-none-eabi/lib/libc.a(lib_a-lock.o)
 .bss.__lock___arc4random_mutex
                0x000000000001bbc0        0x1 /usr/gcc-arm-none-eabi-10.3-2021.10/bin/../lib/gcc/arm-none-eabi/10.3.1/../../../../arm-none-eabi/lib/libc.a(lib_a-lock.o)
                0x000000000001bbc0                __lock___arc4random_mutex
 *fill*         0x000000000001bbc1        0x3 
 .bss.__lock___at_quick_exit_mutex
                0x000000000001bbc4        0x1 /usr/gcc-arm-none-eabi-10.3-2021.10/bin/../lib/gcc/arm-none-eabi/10.3.1/../../../../arm-none-eabi/lib/libc.a(lib_a-lock.o)
                0x000000000001bbc4                __lock___at_quick_exit_mutex
 *fill*         0x000000000001bbc5        0x3 
 .bss.__lock___atexit_recursive_mutex
                0x000000000001bbc8        0x1 /usr/gcc-arm-none-eabi-10.3-2021.10/bin/../lib/gcc/arm-none-eabi/10.3.1/../../../../arm-none-eabi/lib/libc.a(lib_a-lock.o)
                0x000000000001bbc8                __lock___atexit_recursive_mutex
 *fill*         0x000000000001bbc9        0x3 
 .bss.__lock___dd_hash_mutex
                0x000000000001bbcc        0x1 /usr/gcc-arm-none-eabi-10.3-2021.10/bin/../lib/gcc/arm-none-eabi/10.3.1/../../../../arm-none-eabi/lib/libc.a(lib_a-lock.o)
                0x000000000001bbcc                __lock___dd_hash_mutex
 *fill*         0x000000000001bbcd        0x3 
 .bss.__lock___env_recursive_mutex
                0x000000000001bbd0        0x1 /usr/gcc-arm-none-eabi-10.3-2021.10/bin/../lib/gcc/arm-none-eabi/10.3.1/../../../../arm-none-eabi/lib/libc.a(lib_a-lock.o)
                0x000000000001bbd0                __lock___env_recursive_mutex
 *fill*         0x000000000001bbd1        0x3 
 .bss.__lock___malloc_recursive_mutex
                0x000000000001bbd4        0x1 /usr/gcc-arm-none-eabi-10.3-2021.10/bin/../lib/gcc/arm-none-eabi/10.3.1/../../../../arm-none-eabi/lib/libc.a(lib_a-lock.o)
                0x000000000001bbd4                __lock___malloc_recursive_mutex
 *fill*         0x000000000001bbd5        0x3 
 .bss.__lock___sfp_recursive_mutex
                0x000000000001bbd8        0x1 /usr/gcc-arm-none-eabi-10.3-2021.10/bin/../lib/gcc/arm-none-eabi/10.3.1/../../../../arm-none-eabi/lib/libc.a(lib_a-lock.o)
                0x000000000001bbd8                __lock___sfp_recursive_mutex
 *fill*         0x000000000001bbd9        0x3 
 .bss.__lock___sinit_recursive_mutex
                0x000000000001bbdc        0x1 /usr/gcc-arm-none-eabi-10.3-2021.10/bin/../lib/gcc/arm-none-eabi/10.3.1/../../../../arm-none-eabi/lib/libc.a(lib_a-lock.o)
                0x000000000001bbdc                __lock___sinit_recursive_mutex
 *fill*         0x000000000001bbdd        0x3 
 .bss.__lock___tz_mutex
                0x000000000001bbe0        0x1 /usr/gcc-arm-none-eabi-10.3-2021.10/bin/../lib/gcc/arm-none-eabi/10.3.1/../../../../arm-none-eabi/lib/libc.a(lib_a-lock.o)
                0x000000000001bbe0                __lock___tz_mutex
 .bss           0x000000000001bbe1        0x0 /usr/gcc-arm-none-eabi-10.3-2021.10/bin/../lib/gcc/arm-none-eabi/10.3.1/../../../../arm-none-eabi/lib/libc.a(lib_a-mallocr.o)
 *fill*         0x000000000001bbe1        0x3 
 .bss.__malloc_current_mallinfo
                0x000000000001bbe4       0x28 /usr/gcc-arm-none-eabi-10.3-2021.10/bin/../lib/gcc/arm-none-eabi/10.3.1/../../../../arm-none-eabi/lib/libc.a(lib_a-mallocr.o)
                0x000000000001bbe4                __malloc_current_mallinfo
 .bss.__malloc_max_sbrked_mem
                0x000000000001bc0c        0x4 /usr/gcc-arm-none-eabi-10.3-2021.10/bin/../lib/gcc/arm-none-eabi/10.3.1/../../../../arm-none-eabi/lib/libc.a(lib_a-mallocr.o)
                0x000000000001bc0c                __malloc_max_sbrked_mem
 .bss.__malloc_max_total_mem
                0x000000000001bc10        0x4 /usr/gcc-arm-none-eabi-10.3-2021.10/bin/../lib/gcc/arm-none-eabi/10.3.1/../../../../arm-none-eabi/lib/libc.a(lib_a-mallocr.o)
                0x000000000001bc10                __malloc_max_total_mem
 .bss.__malloc_top_pad
                0x000000000001bc14        0x4 /usr/gcc-arm-none-eabi-10.3-2021.10/bin/../lib/gcc/arm-none-eabi/10.3.1/../../../../arm-none-eabi/lib/libc.a(lib_a-mallocr.o)
                0x000000000001bc14                __malloc_top_pad
 .bss           0x000000000001bc18        0x0 /usr/gcc-arm-none-eabi-10.3-2021.10/bin/../lib/gcc/arm-none-eabi/10.3.1/../../../../arm-none-eabi/lib/libc.a(lib_a-mlock.o)
 .bss           0x000000000001bc18        0x0 /usr/gcc-arm-none-eabi-10.3-2021.10/bin/../lib/gcc/arm-none-eabi/10.3.1/../../../../arm-none-eabi/lib/libc.a(lib_a-reent.o)
 .bss.errno     0x000000000001bc18        0x4 /usr/gcc-arm-none-eabi-10.3-2021.10/bin/../lib/gcc/arm-none-eabi/10.3.1/../../../../arm-none-eabi/lib/libc.a(lib_a-reent.o)
                0x000000000001bc18                errno
 .bss           0x000000000001bc1c        0x0 /usr/gcc-arm-none-eabi-10.3-2021.10/bin/../lib/gcc/arm-none-eabi/10.3.1/../../../../arm-none-eabi/lib/libc.a(lib_a-sbrkr.o)
 .bss           0x000000000001bc1c        0x0 /usr/gcc-arm-none-eabi-10.3-2021.10/bin/../lib/gcc/arm-none-eabi/10.3.1/../../../../arm-none-eabi/lib/libc.a(lib_a-__atexit.o)
 .bss           0x000000000001bc1c        0x0 /usr/gcc-arm-none-eabi-10.3-2021.10/bin/../lib/gcc/arm-none-eabi/10.3.1/../../../../arm-none-eabi/lib/libc.a(lib_a-freer.o)
 .bss           0x000000000001bc1c        0x0 /usr/gcc-arm-none-eabi-10.3-2021.10/bin/../lib/gcc/arm-none-eabi/10.3.1/../../../../arm-none-eabi/lib/libnosys.a(getpid.o)
 .bss           0x000000000001bc1c        0x0 /usr/gcc-arm-none-eabi-10.3-2021.10/bin/../lib/gcc/arm-none-eabi/10.3.1/../../../../arm-none-eabi/lib/libnosys.a(kill.o)
 .bss           0x000000000001bc1c        0x0 /usr/gcc-arm-none-eabi-10.3-2021.10/bin/../lib/gcc/arm-none-eabi/10.3.1/../../../../arm-none-eabi/lib/libnosys.a(sbrk.o)
 .bss.heap_end.0
                0x000000000001bc1c        0x4 /usr/gcc-arm-none-eabi-10.3-2021.10/bin/../lib/gcc/arm-none-eabi/10.3.1/../../../../arm-none-eabi/lib/libnosys.a(sbrk.o)
 .bss           0x000000000001bc20        0x0 /usr/gcc-arm-none-eabi-10.3-2021.10/bin/../lib/gcc/arm-none-eabi/10.3.1/../../../../arm-none-eabi/lib/libnosys.a(_exit.o)
 .bss           0x000000000001bc20        0x0 /usr/gcc-arm-none-eabi-10.3-2021.10/bin/../lib/gcc/arm-none-eabi/10.3.1/crtend.o
 .bss           0x000000000001bc20        0x0 /usr/gcc-arm-none-eabi-10.3-2021.10/bin/../lib/gcc/arm-none-eabi/10.3.1/crtn.o
 *(COMMON)
                0x000000000001bc20                . = ALIGN ((. != 0x0)?0x4:0x1)
                0x000000000001bc20                _bss_end__ = .
                0x000000000001bc20                __bss_end__ = .

.noinit         0x000000000001bc20        0x0
                0x000000000001bc20                . = ALIGN (0x4)
                [!provide]                        PROVIDE (__noinit_start = .)
 *(.noinit .noinit.* .gnu.linkonce.n.*)
                0x000000000001bc20                . = ALIGN (0x4)
                [!provide]                        PROVIDE (__noinit_end = .)
                0x000000000001bc20                . = ALIGN (0x4)
                0x000000000001bc20                . = SEGMENT_START ("ldata-segment", .)
                0x000000000001bc20                . = ALIGN (0x4)
                0x000000000001bc20                __end__ = .
                0x000000000001bc20                _end = .
                0x000000000001bc20                PROVIDE (end = .)

.stack          0x0000000000080000        0x0
                0x0000000000080000                _stack = .
 *(.stack)

.stab           0x0000000000000000       0x3c
 *(.stab)
 .stab          0x0000000000000000       0x24 /usr/gcc-arm-none-eabi-10.3-2021.10/bin/../lib/gcc/arm-none-eabi/10.3.1/../../../../arm-none-eabi/lib/libnosys.a(getpid.o)
 .stab          0x0000000000000024       0x18 /usr/gcc-arm-none-eabi-10.3-2021.10/bin/../lib/gcc/arm-none-eabi/10.3.1/../../../../arm-none-eabi/lib/libnosys.a(kill.o)
                                         0x24 (size before relaxing)

.stabstr        0x0000000000000000       0x76
 *(.stabstr)
 .stabstr       0x0000000000000000       0x76 /usr/gcc-arm-none-eabi-10.3-2021.10/bin/../lib/gcc/arm-none-eabi/10.3.1/../../../../arm-none-eabi/lib/libnosys.a(getpid.o)

.stab.excl
 *(.stab.excl)

.stab.exclstr
 *(.stab.exclstr)

.stab.index
 *(.stab.index)

.stab.indexstr
 *(.stab.indexstr)

.comment        0x0000000000000000       0x9e
 *(.comment)
 .comment       0x0000000000000000       0x49 /tmp/ccdLRJnO.o
                                         0x4a (size before relaxing)
 .comment       0x0000000000000049       0x55 ./TEST/lib/libtest.a(test.o)
                                         0x56 (size before relaxing)

.gnu.build.attributes
 *(.gnu.build.attributes .gnu.build.attributes.*)

.debug
 *(.debug)

.line
 *(.line)

.debug_srcinfo
 *(.debug_srcinfo)

.debug_sfnames
 *(.debug_sfnames)

.debug_aranges
 *(.debug_aranges)

.debug_pubnames
 *(.debug_pubnames)

.debug_info
 *(.debug_info .gnu.linkonce.wi.*)

.debug_abbrev
 *(.debug_abbrev)

.debug_line
 *(.debug_line .debug_line.* .debug_line_end)

.debug_frame    0x0000000000000000      0xb34
 *(.debug_frame)
 .debug_frame   0x0000000000000000      0x36c /usr/gcc-arm-none-eabi-10.3-2021.10/bin/../lib/gcc/arm-none-eabi/10.3.1/libgcc.a(unwind-arm.o)
 .debug_frame   0x000000000000036c      0x110 /usr/gcc-arm-none-eabi-10.3-2021.10/bin/../lib/gcc/arm-none-eabi/10.3.1/libgcc.a(pr-support.o)
 .debug_frame   0x000000000000047c       0x28 /usr/gcc-arm-none-eabi-10.3-2021.10/bin/../lib/gcc/arm-none-eabi/10.3.1/../../../../arm-none-eabi/lib/libc.a(lib_a-abort.o)
 .debug_frame   0x00000000000004a4       0x28 /usr/gcc-arm-none-eabi-10.3-2021.10/bin/../lib/gcc/arm-none-eabi/10.3.1/../../../../arm-none-eabi/lib/libc.a(lib_a-exit.o)
 .debug_frame   0x00000000000004cc       0x34 /usr/gcc-arm-none-eabi-10.3-2021.10/bin/../lib/gcc/arm-none-eabi/10.3.1/../../../../arm-none-eabi/lib/libc.a(lib_a-init.o)
 .debug_frame   0x0000000000000500       0x38 /usr/gcc-arm-none-eabi-10.3-2021.10/bin/../lib/gcc/arm-none-eabi/10.3.1/../../../../arm-none-eabi/lib/libc.a(lib_a-memcpy-stub.o)
 .debug_frame   0x0000000000000538       0x48 /usr/gcc-arm-none-eabi-10.3-2021.10/bin/../lib/gcc/arm-none-eabi/10.3.1/../../../../arm-none-eabi/lib/libc.a(lib_a-memset.o)
 .debug_frame   0x0000000000000580      0x15c /usr/gcc-arm-none-eabi-10.3-2021.10/bin/../lib/gcc/arm-none-eabi/10.3.1/../../../../arm-none-eabi/lib/libc.a(lib_a-signal.o)
 .debug_frame   0x00000000000006dc       0x50 /usr/gcc-arm-none-eabi-10.3-2021.10/bin/../lib/gcc/arm-none-eabi/10.3.1/../../../../arm-none-eabi/lib/libc.a(lib_a-signalr.o)
 .debug_frame   0x000000000000072c       0x68 /usr/gcc-arm-none-eabi-10.3-2021.10/bin/../lib/gcc/arm-none-eabi/10.3.1/../../../../arm-none-eabi/lib/libc.a(lib_a-__call_atexit.o)
 .debug_frame   0x0000000000000794       0x2c /usr/gcc-arm-none-eabi-10.3-2021.10/bin/../lib/gcc/arm-none-eabi/10.3.1/../../../../arm-none-eabi/lib/libc.a(lib_a-atexit.o)
 .debug_frame   0x00000000000007c0       0x34 /usr/gcc-arm-none-eabi-10.3-2021.10/bin/../lib/gcc/arm-none-eabi/10.3.1/../../../../arm-none-eabi/lib/libc.a(lib_a-fini.o)
 .debug_frame   0x00000000000007f4       0xb0 /usr/gcc-arm-none-eabi-10.3-2021.10/bin/../lib/gcc/arm-none-eabi/10.3.1/../../../../arm-none-eabi/lib/libc.a(lib_a-lock.o)
 .debug_frame   0x00000000000008a4       0x84 /usr/gcc-arm-none-eabi-10.3-2021.10/bin/../lib/gcc/arm-none-eabi/10.3.1/../../../../arm-none-eabi/lib/libc.a(lib_a-mallocr.o)
 .debug_frame   0x0000000000000928       0x48 /usr/gcc-arm-none-eabi-10.3-2021.10/bin/../lib/gcc/arm-none-eabi/10.3.1/../../../../arm-none-eabi/lib/libc.a(lib_a-mlock.o)
 .debug_frame   0x0000000000000970       0x5c /usr/gcc-arm-none-eabi-10.3-2021.10/bin/../lib/gcc/arm-none-eabi/10.3.1/../../../../arm-none-eabi/lib/libc.a(lib_a-reent.o)
 .debug_frame   0x00000000000009cc       0x3c /usr/gcc-arm-none-eabi-10.3-2021.10/bin/../lib/gcc/arm-none-eabi/10.3.1/../../../../arm-none-eabi/lib/libc.a(lib_a-sbrkr.o)
 .debug_frame   0x0000000000000a08       0x3c /usr/gcc-arm-none-eabi-10.3-2021.10/bin/../lib/gcc/arm-none-eabi/10.3.1/../../../../arm-none-eabi/lib/libc.a(lib_a-__atexit.o)
 .debug_frame   0x0000000000000a44       0x70 /usr/gcc-arm-none-eabi-10.3-2021.10/bin/../lib/gcc/arm-none-eabi/10.3.1/../../../../arm-none-eabi/lib/libc.a(lib_a-freer.o)
 .debug_frame   0x0000000000000ab4       0x20 /usr/gcc-arm-none-eabi-10.3-2021.10/bin/../lib/gcc/arm-none-eabi/10.3.1/../../../../arm-none-eabi/lib/libnosys.a(getpid.o)
 .debug_frame   0x0000000000000ad4       0x20 /usr/gcc-arm-none-eabi-10.3-2021.10/bin/../lib/gcc/arm-none-eabi/10.3.1/../../../../arm-none-eabi/lib/libnosys.a(kill.o)
 .debug_frame   0x0000000000000af4       0x20 /usr/gcc-arm-none-eabi-10.3-2021.10/bin/../lib/gcc/arm-none-eabi/10.3.1/../../../../arm-none-eabi/lib/libnosys.a(sbrk.o)
 .debug_frame   0x0000000000000b14       0x20 /usr/gcc-arm-none-eabi-10.3-2021.10/bin/../lib/gcc/arm-none-eabi/10.3.1/../../../../arm-none-eabi/lib/libnosys.a(_exit.o)

.debug_str
 *(.debug_str)

.debug_loc
 *(.debug_loc)

.debug_macinfo
 *(.debug_macinfo)

.debug_weaknames
 *(.debug_weaknames)

.debug_funcnames
 *(.debug_funcnames)

.debug_typenames
 *(.debug_typenames)

.debug_varnames
 *(.debug_varnames)

.debug_pubtypes
 *(.debug_pubtypes)

.debug_ranges
 *(.debug_ranges)

.debug_addr
 *(.debug_addr)

.debug_line_str
 *(.debug_line_str)

.debug_loclists
 *(.debug_loclists)

.debug_macro
 *(.debug_macro)

.debug_names
 *(.debug_names)

.debug_rnglists
 *(.debug_rnglists)

.debug_str_offsets
 *(.debug_str_offsets)

.debug_sup
 *(.debug_sup)

.ARM.attributes
                0x0000000000000000       0x26
 *(.ARM.attributes)
 .ARM.attributes
                0x0000000000000000       0x1c /usr/gcc-arm-none-eabi-10.3-2021.10/bin/../lib/gcc/arm-none-eabi/10.3.1/crti.o
 .ARM.attributes
                0x000000000000001c       0x2a /usr/gcc-arm-none-eabi-10.3-2021.10/bin/../lib/gcc/arm-none-eabi/10.3.1/crtbegin.o
 .ARM.attributes
                0x0000000000000046       0x1a /usr/gcc-arm-none-eabi-10.3-2021.10/bin/../lib/gcc/arm-none-eabi/10.3.1/../../../../arm-none-eabi/lib/crt0.o
 .ARM.attributes
                0x0000000000000060       0x2a /tmp/ccdLRJnO.o
 .ARM.attributes
                0x000000000000008a       0x2a ./TEST/lib/libtest.a(test.o)
 .ARM.attributes
                0x00000000000000b4       0x2a /usr/gcc-arm-none-eabi-10.3-2021.10/bin/../lib/gcc/arm-none-eabi/10.3.1/libgcc.a(unwind-arm.o)
 .ARM.attributes
                0x00000000000000de       0x1c /usr/gcc-arm-none-eabi-10.3-2021.10/bin/../lib/gcc/arm-none-eabi/10.3.1/libgcc.a(libunwind.o)
 .ARM.attributes
                0x00000000000000fa       0x2a /usr/gcc-arm-none-eabi-10.3-2021.10/bin/../lib/gcc/arm-none-eabi/10.3.1/libgcc.a(pr-support.o)
 .ARM.attributes
                0x0000000000000124       0x2a /usr/gcc-arm-none-eabi-10.3-2021.10/bin/../lib/gcc/arm-none-eabi/10.3.1/../../../../arm-none-eabi/lib/libc.a(lib_a-abort.o)
 .ARM.attributes
                0x000000000000014e       0x2a /usr/gcc-arm-none-eabi-10.3-2021.10/bin/../lib/gcc/arm-none-eabi/10.3.1/../../../../arm-none-eabi/lib/libc.a(lib_a-exit.o)
 .ARM.attributes
                0x0000000000000178       0x2a /usr/gcc-arm-none-eabi-10.3-2021.10/bin/../lib/gcc/arm-none-eabi/10.3.1/../../../../arm-none-eabi/lib/libc.a(lib_a-impure.o)
 .ARM.attributes
                0x00000000000001a2       0x2a /usr/gcc-arm-none-eabi-10.3-2021.10/bin/../lib/gcc/arm-none-eabi/10.3.1/../../../../arm-none-eabi/lib/libc.a(lib_a-init.o)
 .ARM.attributes
                0x00000000000001cc       0x2a /usr/gcc-arm-none-eabi-10.3-2021.10/bin/../lib/gcc/arm-none-eabi/10.3.1/../../../../arm-none-eabi/lib/libc.a(lib_a-memcpy-stub.o)
 .ARM.attributes
                0x00000000000001f6       0x2a /usr/gcc-arm-none-eabi-10.3-2021.10/bin/../lib/gcc/arm-none-eabi/10.3.1/../../../../arm-none-eabi/lib/libc.a(lib_a-memset.o)
 .ARM.attributes
                0x0000000000000220       0x2a /usr/gcc-arm-none-eabi-10.3-2021.10/bin/../lib/gcc/arm-none-eabi/10.3.1/../../../../arm-none-eabi/lib/libc.a(lib_a-signal.o)
 .ARM.attributes
                0x000000000000024a       0x2a /usr/gcc-arm-none-eabi-10.3-2021.10/bin/../lib/gcc/arm-none-eabi/10.3.1/../../../../arm-none-eabi/lib/libc.a(lib_a-signalr.o)
 .ARM.attributes
                0x0000000000000274       0x2a /usr/gcc-arm-none-eabi-10.3-2021.10/bin/../lib/gcc/arm-none-eabi/10.3.1/../../../../arm-none-eabi/lib/libc.a(lib_a-__call_atexit.o)
 .ARM.attributes
                0x000000000000029e       0x2a /usr/gcc-arm-none-eabi-10.3-2021.10/bin/../lib/gcc/arm-none-eabi/10.3.1/../../../../arm-none-eabi/lib/libc.a(lib_a-atexit.o)
 .ARM.attributes
                0x00000000000002c8       0x2a /usr/gcc-arm-none-eabi-10.3-2021.10/bin/../lib/gcc/arm-none-eabi/10.3.1/../../../../arm-none-eabi/lib/libc.a(lib_a-fini.o)
 .ARM.attributes
                0x00000000000002f2       0x2a /usr/gcc-arm-none-eabi-10.3-2021.10/bin/../lib/gcc/arm-none-eabi/10.3.1/../../../../arm-none-eabi/lib/libc.a(lib_a-lock.o)
 .ARM.attributes
                0x000000000000031c       0x2a /usr/gcc-arm-none-eabi-10.3-2021.10/bin/../lib/gcc/arm-none-eabi/10.3.1/../../../../arm-none-eabi/lib/libc.a(lib_a-mallocr.o)
 .ARM.attributes
                0x0000000000000346       0x2a /usr/gcc-arm-none-eabi-10.3-2021.10/bin/../lib/gcc/arm-none-eabi/10.3.1/../../../../arm-none-eabi/lib/libc.a(lib_a-mlock.o)
 .ARM.attributes
                0x0000000000000370       0x2a /usr/gcc-arm-none-eabi-10.3-2021.10/bin/../lib/gcc/arm-none-eabi/10.3.1/../../../../arm-none-eabi/lib/libc.a(lib_a-reent.o)
 .ARM.attributes
                0x000000000000039a       0x2a /usr/gcc-arm-none-eabi-10.3-2021.10/bin/../lib/gcc/arm-none-eabi/10.3.1/../../../../arm-none-eabi/lib/libc.a(lib_a-sbrkr.o)
 .ARM.attributes
                0x00000000000003c4       0x2a /usr/gcc-arm-none-eabi-10.3-2021.10/bin/../lib/gcc/arm-none-eabi/10.3.1/../../../../arm-none-eabi/lib/libc.a(lib_a-__atexit.o)
 .ARM.attributes
                0x00000000000003ee       0x2a /usr/gcc-arm-none-eabi-10.3-2021.10/bin/../lib/gcc/arm-none-eabi/10.3.1/../../../../arm-none-eabi/lib/libc.a(lib_a-freer.o)
 .ARM.attributes
                0x0000000000000418       0x2a /usr/gcc-arm-none-eabi-10.3-2021.10/bin/../lib/gcc/arm-none-eabi/10.3.1/../../../../arm-none-eabi/lib/libnosys.a(getpid.o)
 .ARM.attributes
                0x0000000000000442       0x2a /usr/gcc-arm-none-eabi-10.3-2021.10/bin/../lib/gcc/arm-none-eabi/10.3.1/../../../../arm-none-eabi/lib/libnosys.a(kill.o)
 .ARM.attributes
                0x000000000000046c       0x2a /usr/gcc-arm-none-eabi-10.3-2021.10/bin/../lib/gcc/arm-none-eabi/10.3.1/../../../../arm-none-eabi/lib/libnosys.a(sbrk.o)
 .ARM.attributes
                0x0000000000000496       0x2a /usr/gcc-arm-none-eabi-10.3-2021.10/bin/../lib/gcc/arm-none-eabi/10.3.1/../../../../arm-none-eabi/lib/libnosys.a(_exit.o)
 .ARM.attributes
                0x00000000000004c0       0x2a /usr/gcc-arm-none-eabi-10.3-2021.10/bin/../lib/gcc/arm-none-eabi/10.3.1/crtend.o
 .ARM.attributes
                0x00000000000004ea       0x1c /usr/gcc-arm-none-eabi-10.3-2021.10/bin/../lib/gcc/arm-none-eabi/10.3.1/crtn.o
 *(.gnu.attributes)

.note.gnu.arm.ident
 *(.note.gnu.arm.ident)

/DISCARD/
 *(.note.GNU-stack)
 *(.gnu_debuglink)
 *(.gnu.lto_*)
OUTPUT(main.elf elf32-littlearm)
LOAD linker stubs
